0 verbose cli /usr/bin/node /usr/bin/npm
1 info using npm@9.2.0
2 info using node@v18.19.1
3 timing npm:load:whichnode Completed in 0ms
4 timing config:load:defaults Completed in 1ms
5 timing config:load:file:/usr/share/nodejs/npm/npmrc Completed in 6ms
6 timing config:load:builtin Completed in 6ms
7 timing config:load:cli Completed in 3ms
8 timing config:load:env Completed in 0ms
9 timing config:load:file:/home/ubuntu/user-service/.npmrc Completed in 0ms
10 timing config:load:project Completed in 10ms
11 timing config:load:file:/home/ubuntu/.npmrc Completed in 1ms
12 timing config:load:user Completed in 1ms
13 timing config:load:file:/etc/npmrc Completed in 0ms
14 timing config:load:global Completed in 0ms
15 timing config:load:setEnvs Completed in 1ms
16 timing config:load Completed in 26ms
17 timing npm:load:configload Completed in 27ms
18 timing npm:load:mkdirpcache Completed in 1ms
19 timing npm:load:mkdirplogs Completed in 0ms
20 verbose title npm install bcryptjs
21 verbose argv "install" "bcryptjs"
22 timing npm:load:setTitle Completed in 3ms
23 timing config:load:flatten Completed in 6ms
24 timing npm:load:display Completed in 8ms
25 verbose logfile logs-max:10 dir:/home/ubuntu/.npm/_logs/2025-01-02T04_51_40_968Z-
26 verbose logfile /home/ubuntu/.npm/_logs/2025-01-02T04_51_40_968Z-debug-0.log
27 timing npm:load:logFile Completed in 11ms
28 timing npm:load:timers Completed in 0ms
29 timing npm:load:configScope Completed in 0ms
30 timing npm:load Completed in 51ms
31 timing config:load:flatten Completed in 1ms
32 timing arborist:ctor Completed in 1ms
33 silly logfile start cleaning logs, removing 1 files
34 silly logfile done cleaning log files
35 timing idealTree:init Completed in 174ms
36 timing idealTree:userRequests Completed in 2ms
37 silly idealTree buildDeps
38 silly fetch manifest bcryptjs@^2.4.3
39 timing arborist:ctor Completed in 0ms
40 http fetch GET 200 https://registry.npmjs.org/bcryptjs 244ms (cache updated)
41 silly placeDep ROOT bcryptjs@2.4.3 REPLACE for: user-service@1.0.0 want: ^2.4.3
42 timing idealTree:#root Completed in 262ms
43 timing idealTree:node_modules/bcryptjs Completed in 1ms
44 timing idealTree:buildDeps Completed in 265ms
45 timing idealTree:fixDepFlags Completed in 2ms
46 timing idealTree Completed in 454ms
47 timing reify:loadTrees Completed in 458ms
48 timing reify:diffTrees Completed in 11ms
49 silly reify moves {}
50 timing reify:retireShallow Completed in 2ms
51 timing reify:createSparse Completed in 0ms
52 timing reify:loadBundles Completed in 0ms
53 silly audit bulk request {
53 silly audit   '@mongodb-js/saslprep': [ '1.1.9' ],
53 silly audit   '@types/webidl-conversions': [ '7.0.3' ],
53 silly audit   '@types/whatwg-url': [ '11.0.5' ],
53 silly audit   accepts: [ '1.3.8' ],
53 silly audit   'append-field': [ '1.0.0' ],
53 silly audit   'array-flatten': [ '1.1.1' ],
53 silly audit   'body-parser': [ '1.20.3' ],
53 silly audit   bson: [ '6.10.1' ],
53 silly audit   'buffer-equal-constant-time': [ '1.0.1' ],
53 silly audit   'buffer-from': [ '1.1.2' ],
53 silly audit   busboy: [ '1.6.0' ],
53 silly audit   bytes: [ '3.1.2' ],
53 silly audit   'call-bind-apply-helpers': [ '1.0.1' ],
53 silly audit   'call-bound': [ '1.0.3' ],
53 silly audit   'concat-stream': [ '1.6.2' ],
53 silly audit   'content-disposition': [ '0.5.4' ],
53 silly audit   'content-type': [ '1.0.5' ],
53 silly audit   cookie: [ '0.7.1' ],
53 silly audit   'cookie-signature': [ '1.0.6' ],
53 silly audit   'core-util-is': [ '1.0.3' ],
53 silly audit   cors: [ '2.8.5' ],
53 silly audit   debug: [ '2.6.9', '4.4.0' ],
53 silly audit   depd: [ '2.0.0' ],
53 silly audit   destroy: [ '1.2.0' ],
53 silly audit   dotenv: [ '16.4.7' ],
53 silly audit   'dunder-proto': [ '1.0.1' ],
53 silly audit   'ecdsa-sig-formatter': [ '1.0.11' ],
53 silly audit   'ee-first': [ '1.1.1' ],
53 silly audit   encodeurl: [ '2.0.0', '1.0.2' ],
53 silly audit   'es-define-property': [ '1.0.1' ],
53 silly audit   'es-errors': [ '1.3.0' ],
53 silly audit   'es-object-atoms': [ '1.0.0' ],
53 silly audit   'escape-html': [ '1.0.3' ],
53 silly audit   etag: [ '1.8.1' ],
53 silly audit   express: [ '4.21.2' ],
53 silly audit   finalhandler: [ '1.3.1' ],
53 silly audit   forwarded: [ '0.2.0' ],
53 silly audit   fresh: [ '0.5.2' ],
53 silly audit   'function-bind': [ '1.1.2' ],
53 silly audit   'get-intrinsic': [ '1.2.6' ],
53 silly audit   gopd: [ '1.2.0' ],
53 silly audit   'has-symbols': [ '1.1.0' ],
53 silly audit   hasown: [ '2.0.2' ],
53 silly audit   'http-errors': [ '2.0.0' ],
53 silly audit   'iconv-lite': [ '0.4.24' ],
53 silly audit   inherits: [ '2.0.4' ],
53 silly audit   'ipaddr.js': [ '1.9.1' ],
53 silly audit   isarray: [ '1.0.0' ],
53 silly audit   jsonwebtoken: [ '9.0.2' ],
53 silly audit   ms: [ '2.1.3', '2.0.0' ],
53 silly audit   jwa: [ '1.4.1' ],
53 silly audit   jws: [ '3.2.2' ],
53 silly audit   kareem: [ '2.6.3' ],
53 silly audit   'lodash.includes': [ '4.3.0' ],
53 silly audit   'lodash.isboolean': [ '3.0.3' ],
53 silly audit   'lodash.isinteger': [ '4.0.4' ],
53 silly audit   'lodash.isnumber': [ '3.0.3' ],
53 silly audit   'lodash.isplainobject': [ '4.0.6' ],
53 silly audit   'lodash.isstring': [ '4.0.1' ],
53 silly audit   'lodash.once': [ '4.1.1' ],
53 silly audit   'math-intrinsics': [ '1.1.0' ],
53 silly audit   'media-typer': [ '0.3.0' ],
53 silly audit   'memory-pager': [ '1.5.0' ],
53 silly audit   'merge-descriptors': [ '1.0.3' ],
53 silly audit   methods: [ '1.1.2' ],
53 silly audit   mime: [ '1.6.0' ],
53 silly audit   'mime-db': [ '1.52.0' ],
53 silly audit   'mime-types': [ '2.1.35' ],
53 silly audit   minimist: [ '1.2.8' ],
53 silly audit   mkdirp: [ '0.5.6' ],
53 silly audit   mongodb: [ '6.12.0' ],
53 silly audit   'mongodb-connection-string-url': [ '3.0.1' ],
53 silly audit   mongoose: [ '8.9.3' ],
53 silly audit   mpath: [ '0.9.0' ],
53 silly audit   mquery: [ '5.0.0' ],
53 silly audit   multer: [ '1.4.5-lts.1' ],
53 silly audit   negotiator: [ '0.6.3' ],
53 silly audit   'object-assign': [ '4.1.1' ],
53 silly audit   'object-inspect': [ '1.13.3' ],
53 silly audit   'on-finished': [ '2.4.1' ],
53 silly audit   parseurl: [ '1.3.3' ],
53 silly audit   'path-to-regexp': [ '0.1.12' ],
53 silly audit   'process-nextick-args': [ '2.0.1' ],
53 silly audit   'proxy-addr': [ '2.0.7' ],
53 silly audit   punycode: [ '2.3.1' ],
53 silly audit   qs: [ '6.13.0' ],
53 silly audit   'range-parser': [ '1.2.1' ],
53 silly audit   'raw-body': [ '2.5.2' ],
53 silly audit   'readable-stream': [ '2.3.8' ],
53 silly audit   'safe-buffer': [ '5.1.2', '5.2.1' ],
53 silly audit   'safer-buffer': [ '2.1.2' ],
53 silly audit   semver: [ '7.6.3' ],
53 silly audit   send: [ '0.19.0' ],
53 silly audit   'serve-static': [ '1.16.2' ],
53 silly audit   setprototypeof: [ '1.2.0' ],
53 silly audit   'side-channel': [ '1.1.0' ],
53 silly audit   'side-channel-list': [ '1.0.0' ],
53 silly audit   'side-channel-map': [ '1.0.1' ],
53 silly audit   'side-channel-weakmap': [ '1.0.2' ],
53 silly audit   sift: [ '17.1.3' ],
53 silly audit   'sparse-bitfield': [ '3.0.3' ],
53 silly audit   statuses: [ '2.0.1' ],
53 silly audit   streamsearch: [ '1.1.0' ],
53 silly audit   string_decoder: [ '1.1.1' ],
53 silly audit   toidentifier: [ '1.0.1' ],
53 silly audit   tr46: [ '4.1.1' ],
53 silly audit   'type-is': [ '1.6.18' ],
53 silly audit   typedarray: [ '0.0.6' ],
53 silly audit   unpipe: [ '1.0.0' ],
53 silly audit   'util-deprecate': [ '1.0.2' ],
53 silly audit   'utils-merge': [ '1.0.1' ],
53 silly audit   vary: [ '1.1.2' ],
53 silly audit   'webidl-conversions': [ '7.0.0' ],
53 silly audit   'whatwg-url': [ '13.0.0' ],
53 silly audit   xtend: [ '4.0.2' ],
53 silly audit   bcryptjs: [ '2.4.3' ]
53 silly audit }
54 timing reify:unpack Completed in 0ms
55 timing reify:unretire Completed in 0ms
56 timing build:queue Completed in 0ms
57 timing build:deps Completed in 1ms
58 timing build Completed in 1ms
59 timing reify:build Completed in 1ms
60 timing reify:trash Completed in 0ms
61 timing reify:save Completed in 53ms
62 http fetch POST 200 https://registry.npmjs.org/-/npm/v1/security/advisories/bulk 148ms
63 timing auditReport:getReport Completed in 152ms
64 silly audit report {}
65 timing auditReport:init Completed in 0ms
66 timing reify:audit Completed in 154ms
67 timing reify Completed in 636ms
68 timing command:install Completed in 651ms
69 verbose exit 0
70 timing npm Completed in 737ms
71 info ok
