0 verbose cli /usr/bin/node /usr/bin/npm
1 info using npm@9.2.0
2 info using node@v18.19.1
3 timing npm:load:whichnode Completed in 1ms
4 timing config:load:defaults Completed in 2ms
5 timing config:load:file:/usr/share/nodejs/npm/npmrc Completed in 6ms
6 timing config:load:builtin Completed in 6ms
7 timing config:load:cli Completed in 4ms
8 timing config:load:env Completed in 1ms
9 timing config:load:project Completed in 0ms
10 timing config:load:file:/home/ubuntu/.npmrc Completed in 0ms
11 timing config:load:user Completed in 1ms
12 timing config:load:file:/etc/npmrc Completed in 0ms
13 timing config:load:global Completed in 0ms
14 timing config:load:setEnvs Completed in 1ms
15 timing config:load Completed in 16ms
16 timing npm:load:configload Completed in 16ms
17 timing npm:load:mkdirpcache Completed in 1ms
18 timing npm:load:mkdirplogs Completed in 1ms
19 verbose title npm install aws-sdk multer
20 verbose argv "install" "aws-sdk" "multer"
21 timing npm:load:setTitle Completed in 5ms
22 timing config:load:flatten Completed in 8ms
23 timing npm:load:display Completed in 9ms
24 verbose logfile logs-max:10 dir:/home/ubuntu/.npm/_logs/2025-01-02T03_39_22_859Z-
25 verbose logfile /home/ubuntu/.npm/_logs/2025-01-02T03_39_22_859Z-debug-0.log
26 timing npm:load:logFile Completed in 11ms
27 timing npm:load:timers Completed in 0ms
28 timing npm:load:configScope Completed in 0ms
29 timing npm:load Completed in 46ms
30 silly logfile start cleaning logs, removing 1 files
31 timing config:load:flatten Completed in 1ms
32 timing arborist:ctor Completed in 1ms
33 silly logfile done cleaning log files
34 timing arborist:ctor Completed in 2ms
35 timing idealTree:init Completed in 22ms
36 timing idealTree:userRequests Completed in 10ms
37 silly idealTree buildDeps
38 silly fetch manifest aws-sdk@*
39 http fetch GET 200 https://registry.npmjs.org/aws-sdk 91ms (cache hit)
40 silly fetch manifest multer@*
41 http fetch GET 200 https://registry.npmjs.org/multer 28ms (cache hit)
42 silly placeDep ROOT aws-sdk@2.1692.0 OK for:  want: *
43 silly placeDep ROOT multer@1.4.5-lts.1 OK for:  want: *
44 silly fetch manifest buffer@4.9.2
45 silly fetch manifest events@1.1.1
46 silly fetch manifest ieee754@1.1.13
47 silly fetch manifest jmespath@0.16.0
48 silly fetch manifest querystring@0.2.0
49 silly fetch manifest sax@1.2.1
50 silly fetch manifest url@0.10.3
51 silly fetch manifest util@^0.12.4
52 silly fetch manifest uuid@8.0.0
53 silly fetch manifest xml2js@0.6.2
54 silly fetch manifest append-field@^1.0.0
55 silly fetch manifest busboy@^1.0.0
56 silly fetch manifest concat-stream@^1.5.2
57 silly fetch manifest mkdirp@^0.5.4
58 silly fetch manifest object-assign@^4.1.1
59 silly fetch manifest type-is@^1.6.4
60 silly fetch manifest xtend@^4.0.0
61 http fetch GET 200 https://registry.npmjs.org/buffer 153ms (cache hit)
62 http fetch GET 200 https://registry.npmjs.org/sax 194ms (cache hit)
63 http fetch GET 200 https://registry.npmjs.org/ieee754 200ms (cache hit)
64 http fetch GET 200 https://registry.npmjs.org/events 201ms (cache hit)
65 http fetch GET 200 https://registry.npmjs.org/jmespath 202ms (cache hit)
66 http fetch GET 200 https://registry.npmjs.org/util 199ms (cache hit)
67 http fetch GET 200 https://registry.npmjs.org/querystring 205ms (cache hit)
68 http fetch GET 200 https://registry.npmjs.org/url 207ms (cache hit)
69 http fetch GET 200 https://registry.npmjs.org/xml2js 204ms (cache hit)
70 http fetch GET 200 https://registry.npmjs.org/uuid 207ms (cache hit)
71 http fetch GET 200 https://registry.npmjs.org/append-field 294ms (cache updated)
72 http fetch GET 200 https://registry.npmjs.org/object-assign 295ms (cache updated)
73 http fetch GET 200 https://registry.npmjs.org/xtend 297ms (cache updated)
74 http fetch GET 200 https://registry.npmjs.org/concat-stream 301ms (cache updated)
75 http fetch GET 200 https://registry.npmjs.org/busboy 304ms (cache updated)
76 http fetch GET 200 https://registry.npmjs.org/type-is 305ms (cache updated)
77 http fetch GET 200 https://registry.npmjs.org/mkdirp 309ms (cache updated)
78 timing idealTree:#root Completed in 514ms
79 silly placeDep ROOT buffer@4.9.2 OK for: aws-sdk@2.1692.0 want: 4.9.2
80 silly placeDep ROOT events@1.1.1 OK for: aws-sdk@2.1692.0 want: 1.1.1
81 silly placeDep ROOT ieee754@1.1.13 OK for: aws-sdk@2.1692.0 want: 1.1.13
82 silly placeDep ROOT jmespath@0.16.0 OK for: aws-sdk@2.1692.0 want: 0.16.0
83 silly placeDep ROOT querystring@0.2.0 OK for: aws-sdk@2.1692.0 want: 0.2.0
84 silly placeDep ROOT sax@1.2.1 OK for: aws-sdk@2.1692.0 want: 1.2.1
85 silly placeDep ROOT url@0.10.3 OK for: aws-sdk@2.1692.0 want: 0.10.3
86 silly placeDep ROOT util@0.12.5 OK for: aws-sdk@2.1692.0 want: ^0.12.4
87 silly placeDep ROOT uuid@8.0.0 OK for: aws-sdk@2.1692.0 want: 8.0.0
88 silly placeDep ROOT xml2js@0.6.2 OK for: aws-sdk@2.1692.0 want: 0.6.2
89 silly fetch manifest base64-js@^1.0.2
90 silly fetch manifest isarray@^1.0.0
91 silly fetch manifest punycode@1.3.2
92 silly fetch manifest inherits@^2.0.3
93 silly fetch manifest is-arguments@^1.0.4
94 silly fetch manifest is-generator-function@^1.0.7
95 silly fetch manifest is-typed-array@^1.1.3
96 silly fetch manifest which-typed-array@^1.1.2
97 silly fetch manifest xmlbuilder@~11.0.0
98 http fetch GET 200 https://registry.npmjs.org/base64-js 41ms (cache hit)
99 http fetch GET 200 https://registry.npmjs.org/punycode 47ms (cache hit)
100 http fetch GET 200 https://registry.npmjs.org/which-typed-array 41ms (cache hit)
101 http fetch GET 200 https://registry.npmjs.org/is-arguments 48ms (cache hit)
102 http fetch GET 200 https://registry.npmjs.org/is-generator-function 47ms (cache hit)
103 http fetch GET 200 https://registry.npmjs.org/xmlbuilder 50ms (cache hit)
104 http fetch GET 200 https://registry.npmjs.org/is-typed-array 58ms (cache hit)
105 http fetch GET 200 https://registry.npmjs.org/isarray 82ms (cache updated)
106 http fetch GET 200 https://registry.npmjs.org/inherits 84ms (cache updated)
107 timing idealTree:node_modules/aws-sdk Completed in 129ms
108 silly placeDep ROOT base64-js@1.5.1 OK for: buffer@4.9.2 want: ^1.0.2
109 silly placeDep ROOT isarray@1.0.0 OK for: buffer@4.9.2 want: ^1.0.0
110 timing idealTree:node_modules/buffer Completed in 6ms
111 timing idealTree:node_modules/base64-js Completed in 0ms
112 timing idealTree:node_modules/events Completed in 0ms
113 timing idealTree:node_modules/ieee754 Completed in 0ms
114 timing idealTree:node_modules/isarray Completed in 0ms
115 timing idealTree:node_modules/jmespath Completed in 0ms
116 silly placeDep ROOT append-field@1.0.0 OK for: multer@1.4.5-lts.1 want: ^1.0.0
117 silly placeDep ROOT busboy@1.6.0 OK for: multer@1.4.5-lts.1 want: ^1.0.0
118 silly placeDep ROOT concat-stream@1.6.2 OK for: multer@1.4.5-lts.1 want: ^1.5.2
119 silly placeDep ROOT mkdirp@0.5.6 OK for: multer@1.4.5-lts.1 want: ^0.5.4
120 silly placeDep ROOT object-assign@4.1.1 OK for: multer@1.4.5-lts.1 want: ^4.1.1
121 silly placeDep ROOT type-is@1.6.18 OK for: multer@1.4.5-lts.1 want: ^1.6.4
122 silly placeDep ROOT xtend@4.0.2 OK for: multer@1.4.5-lts.1 want: ^4.0.0
123 silly fetch manifest streamsearch@^1.1.0
124 silly fetch manifest buffer-from@^1.0.0
125 silly fetch manifest readable-stream@^2.2.2
126 silly fetch manifest typedarray@^0.0.6
127 silly fetch manifest minimist@^1.2.6
128 silly fetch manifest mime-types@~2.1.24
129 silly fetch manifest media-typer@0.3.0
130 http fetch GET 200 https://registry.npmjs.org/buffer-from 150ms (cache updated)
131 http fetch GET 200 https://registry.npmjs.org/media-typer 149ms (cache updated)
132 http fetch GET 200 https://registry.npmjs.org/minimist 152ms (cache updated)
133 http fetch GET 200 https://registry.npmjs.org/typedarray 155ms (cache updated)
134 http fetch GET 200 https://registry.npmjs.org/streamsearch 160ms (cache updated)
135 http fetch GET 200 https://registry.npmjs.org/mime-types 166ms (cache updated)
136 http fetch GET 200 https://registry.npmjs.org/readable-stream 170ms (cache updated)
137 timing idealTree:node_modules/multer Completed in 192ms
138 timing idealTree:node_modules/append-field Completed in 0ms
139 silly placeDep ROOT streamsearch@1.1.0 OK for: busboy@1.6.0 want: ^1.1.0
140 timing idealTree:node_modules/busboy Completed in 3ms
141 silly placeDep ROOT buffer-from@1.1.2 OK for: concat-stream@1.6.2 want: ^1.0.0
142 silly placeDep ROOT inherits@2.0.4 OK for: concat-stream@1.6.2 want: ^2.0.3
143 silly placeDep ROOT readable-stream@2.3.8 OK for: concat-stream@1.6.2 want: ^2.2.2
144 silly placeDep ROOT typedarray@0.0.6 OK for: concat-stream@1.6.2 want: ^0.0.6
145 silly fetch manifest safe-buffer@~5.1.1
146 silly fetch manifest core-util-is@~1.0.0
147 silly fetch manifest string_decoder@~1.1.1
148 silly fetch manifest util-deprecate@~1.0.1
149 silly fetch manifest process-nextick-args@~2.0.0
150 http fetch GET 200 https://registry.npmjs.org/util-deprecate 65ms (cache updated)
151 http fetch GET 200 https://registry.npmjs.org/process-nextick-args 66ms (cache updated)
152 http fetch GET 200 https://registry.npmjs.org/core-util-is 72ms (cache updated)
153 http fetch GET 200 https://registry.npmjs.org/safe-buffer 72ms (cache updated)
154 http fetch GET 200 https://registry.npmjs.org/string_decoder 71ms (cache updated)
155 timing idealTree:node_modules/concat-stream Completed in 81ms
156 timing idealTree:node_modules/buffer-from Completed in 0ms
157 timing idealTree:node_modules/inherits Completed in 0ms
158 silly placeDep ROOT minimist@1.2.8 OK for: mkdirp@0.5.6 want: ^1.2.6
159 timing idealTree:node_modules/mkdirp Completed in 5ms
160 timing idealTree:node_modules/minimist Completed in 0ms
161 timing idealTree:node_modules/object-assign Completed in 0ms
162 timing idealTree:node_modules/querystring Completed in 0ms
163 silly placeDep ROOT core-util-is@1.0.3 OK for: readable-stream@2.3.8 want: ~1.0.0
164 silly placeDep ROOT process-nextick-args@2.0.1 OK for: readable-stream@2.3.8 want: ~2.0.0
165 silly placeDep ROOT safe-buffer@5.1.2 OK for: readable-stream@2.3.8 want: ~5.1.1
166 silly placeDep ROOT string_decoder@1.1.1 OK for: readable-stream@2.3.8 want: ~1.1.1
167 silly placeDep ROOT util-deprecate@1.0.2 OK for: readable-stream@2.3.8 want: ~1.0.1
168 timing idealTree:node_modules/readable-stream Completed in 12ms
169 timing idealTree:node_modules/core-util-is Completed in 0ms
170 timing idealTree:node_modules/process-nextick-args Completed in 0ms
171 timing idealTree:node_modules/safe-buffer Completed in 0ms
172 timing idealTree:node_modules/sax Completed in 0ms
173 timing idealTree:node_modules/streamsearch Completed in 0ms
174 timing idealTree:node_modules/string_decoder Completed in 0ms
175 silly placeDep ROOT media-typer@0.3.0 OK for: type-is@1.6.18 want: 0.3.0
176 silly placeDep ROOT mime-types@2.1.35 OK for: type-is@1.6.18 want: ~2.1.24
177 silly fetch manifest mime-db@1.52.0
178 http fetch GET 200 https://registry.npmjs.org/mime-db 48ms (cache updated)
179 timing idealTree:node_modules/type-is Completed in 55ms
180 timing idealTree:node_modules/media-typer Completed in 0ms
181 silly placeDep ROOT mime-db@1.52.0 OK for: mime-types@2.1.35 want: 1.52.0
182 timing idealTree:node_modules/mime-types Completed in 1ms
183 timing idealTree:node_modules/mime-db Completed in 1ms
184 timing idealTree:node_modules/typedarray Completed in 0ms
185 silly placeDep ROOT punycode@1.3.2 OK for: url@0.10.3 want: 1.3.2
186 timing idealTree:node_modules/url Completed in 2ms
187 timing idealTree:node_modules/punycode Completed in 0ms
188 silly placeDep ROOT is-arguments@1.2.0 OK for: util@0.12.5 want: ^1.0.4
189 silly placeDep ROOT is-generator-function@1.0.10 OK for: util@0.12.5 want: ^1.0.7
190 silly placeDep ROOT is-typed-array@1.1.15 OK for: util@0.12.5 want: ^1.1.3
191 silly placeDep ROOT which-typed-array@1.1.18 OK for: util@0.12.5 want: ^1.1.2
192 silly fetch manifest call-bound@^1.0.2
193 silly fetch manifest has-tostringtag@^1.0.2
194 silly fetch manifest has-tostringtag@^1.0.0
195 silly fetch manifest available-typed-arrays@^1.0.7
196 silly fetch manifest call-bind@^1.0.8
197 silly fetch manifest call-bound@^1.0.3
198 silly fetch manifest for-each@^0.3.3
199 silly fetch manifest gopd@^1.2.0
200 http fetch GET 200 https://registry.npmjs.org/for-each 40ms (cache hit)
201 http fetch GET 200 https://registry.npmjs.org/available-typed-arrays 41ms (cache hit)
202 http fetch GET 200 https://registry.npmjs.org/call-bind 43ms (cache hit)
203 http fetch GET 200 https://registry.npmjs.org/has-tostringtag 47ms (cache hit)
204 http fetch GET 200 https://registry.npmjs.org/has-tostringtag 51ms (cache hit)
205 http fetch GET 200 https://registry.npmjs.org/call-bound 60ms (cache updated)
206 http fetch GET 200 https://registry.npmjs.org/call-bound 133ms (cache updated)
207 http fetch GET 200 https://registry.npmjs.org/gopd 127ms (cache updated)
208 timing idealTree:node_modules/util Completed in 142ms
209 silly placeDep ROOT call-bound@1.0.3 OK for: is-arguments@1.2.0 want: ^1.0.2
210 silly placeDep ROOT has-tostringtag@1.0.2 OK for: is-arguments@1.2.0 want: ^1.0.2
211 silly fetch manifest call-bind-apply-helpers@^1.0.1
212 silly fetch manifest get-intrinsic@^1.2.6
213 silly fetch manifest has-symbols@^1.0.3
214 http fetch GET 200 https://registry.npmjs.org/has-symbols 58ms (cache updated)
215 http fetch GET 200 https://registry.npmjs.org/call-bind-apply-helpers 62ms (cache updated)
216 http fetch GET 200 https://registry.npmjs.org/get-intrinsic 75ms (cache updated)
217 timing idealTree:node_modules/is-arguments Completed in 86ms
218 silly placeDep ROOT call-bind-apply-helpers@1.0.1 OK for: call-bound@1.0.3 want: ^1.0.1
219 silly placeDep ROOT get-intrinsic@1.2.6 OK for: call-bound@1.0.3 want: ^1.2.6
220 silly fetch manifest es-errors@^1.3.0
221 silly fetch manifest function-bind@^1.1.2
222 silly fetch manifest dunder-proto@^1.0.0
223 silly fetch manifest es-define-property@^1.0.1
224 silly fetch manifest es-object-atoms@^1.0.0
225 silly fetch manifest has-symbols@^1.1.0
226 silly fetch manifest hasown@^2.0.2
227 silly fetch manifest math-intrinsics@^1.0.0
228 http fetch GET 200 https://registry.npmjs.org/function-bind 73ms (cache updated)
229 http fetch GET 200 https://registry.npmjs.org/es-define-property 70ms (cache updated)
230 http fetch GET 200 https://registry.npmjs.org/es-object-atoms 71ms (cache updated)
231 http fetch GET 200 https://registry.npmjs.org/hasown 71ms (cache updated)
232 http fetch GET 200 https://registry.npmjs.org/math-intrinsics 71ms (cache updated)
233 http fetch GET 200 https://registry.npmjs.org/es-errors 78ms (cache updated)
234 http fetch GET 200 https://registry.npmjs.org/dunder-proto 326ms (cache updated)
235 timing idealTree:node_modules/call-bound Completed in 336ms
236 silly placeDep ROOT es-errors@1.3.0 OK for: call-bind-apply-helpers@1.0.1 want: ^1.3.0
237 silly placeDep ROOT function-bind@1.1.2 OK for: call-bind-apply-helpers@1.0.1 want: ^1.1.2
238 timing idealTree:node_modules/call-bind-apply-helpers Completed in 5ms
239 timing idealTree:node_modules/es-errors Completed in 0ms
240 timing idealTree:node_modules/function-bind Completed in 0ms
241 silly placeDep ROOT dunder-proto@1.0.1 OK for: get-intrinsic@1.2.6 want: ^1.0.0
242 silly placeDep ROOT es-define-property@1.0.1 OK for: get-intrinsic@1.2.6 want: ^1.0.1
243 silly placeDep ROOT es-object-atoms@1.0.0 OK for: get-intrinsic@1.2.6 want: ^1.0.0
244 silly placeDep ROOT gopd@1.2.0 OK for: get-intrinsic@1.2.6 want: ^1.2.0
245 silly placeDep ROOT has-symbols@1.1.0 OK for: get-intrinsic@1.2.6 want: ^1.1.0
246 silly placeDep ROOT hasown@2.0.2 OK for: get-intrinsic@1.2.6 want: ^2.0.2
247 silly placeDep ROOT math-intrinsics@1.1.0 OK for: get-intrinsic@1.2.6 want: ^1.0.0
248 timing idealTree:node_modules/get-intrinsic Completed in 14ms
249 timing idealTree:node_modules/dunder-proto Completed in 0ms
250 timing idealTree:node_modules/es-define-property Completed in 0ms
251 timing idealTree:node_modules/es-object-atoms Completed in 0ms
252 timing idealTree:node_modules/gopd Completed in 0ms
253 timing idealTree:node_modules/has-symbols Completed in 0ms
254 timing idealTree:node_modules/has-tostringtag Completed in 0ms
255 timing idealTree:node_modules/hasown Completed in 0ms
256 timing idealTree:node_modules/is-generator-function Completed in 0ms
257 timing idealTree:node_modules/is-typed-array Completed in 0ms
258 timing idealTree:node_modules/math-intrinsics Completed in 0ms
259 timing idealTree:node_modules/util-deprecate Completed in 0ms
260 timing idealTree:node_modules/uuid Completed in 0ms
261 silly placeDep ROOT available-typed-arrays@1.0.7 OK for: which-typed-array@1.1.18 want: ^1.0.7
262 silly placeDep ROOT call-bind@1.0.8 OK for: which-typed-array@1.1.18 want: ^1.0.8
263 silly placeDep ROOT for-each@0.3.3 OK for: which-typed-array@1.1.18 want: ^0.3.3
264 silly fetch manifest possible-typed-array-names@^1.0.0
265 silly fetch manifest set-function-length@^1.2.2
266 silly fetch manifest is-callable@^1.1.3
267 http fetch GET 200 https://registry.npmjs.org/set-function-length 16ms (cache hit)
268 http fetch GET 200 https://registry.npmjs.org/is-callable 17ms (cache hit)
269 http fetch GET 200 https://registry.npmjs.org/possible-typed-array-names 20ms (cache hit)
270 timing idealTree:node_modules/which-typed-array Completed in 37ms
271 silly placeDep ROOT possible-typed-array-names@1.0.0 OK for: available-typed-arrays@1.0.7 want: ^1.0.0
272 timing idealTree:node_modules/available-typed-arrays Completed in 3ms
273 silly placeDep ROOT set-function-length@1.2.2 OK for: call-bind@1.0.8 want: ^1.2.2
274 silly fetch manifest define-data-property@^1.1.4
275 silly fetch manifest has-property-descriptors@^1.0.2
276 http fetch GET 200 https://registry.npmjs.org/has-property-descriptors 11ms (cache hit)
277 http fetch GET 200 https://registry.npmjs.org/define-data-property 13ms (cache hit)
278 timing idealTree:node_modules/call-bind Completed in 21ms
279 silly placeDep ROOT is-callable@1.2.7 OK for: for-each@0.3.3 want: ^1.1.3
280 timing idealTree:node_modules/for-each Completed in 4ms
281 timing idealTree:node_modules/is-callable Completed in 0ms
282 timing idealTree:node_modules/possible-typed-array-names Completed in 0ms
283 silly placeDep ROOT define-data-property@1.1.4 OK for: set-function-length@1.2.2 want: ^1.1.4
284 silly placeDep ROOT has-property-descriptors@1.0.2 OK for: set-function-length@1.2.2 want: ^1.0.2
285 timing idealTree:node_modules/set-function-length Completed in 4ms
286 timing idealTree:node_modules/define-data-property Completed in 0ms
287 timing idealTree:node_modules/has-property-descriptors Completed in 0ms
288 silly placeDep ROOT xmlbuilder@11.0.1 OK for: xml2js@0.6.2 want: ~11.0.0
289 timing idealTree:node_modules/xml2js Completed in 2ms
290 timing idealTree:node_modules/xmlbuilder Completed in 0ms
291 timing idealTree:node_modules/xtend Completed in 0ms
292 timing idealTree:buildDeps Completed in 1667ms
293 timing idealTree:fixDepFlags Completed in 1ms
294 timing idealTree Completed in 1702ms
295 timing reify:loadTrees Completed in 1704ms
296 timing reify:diffTrees Completed in 2ms
297 silly reify moves {}
298 timing reify:retireShallow Completed in 1ms
299 timing reify:createSparse Completed in 16ms
300 timing reify:loadBundles Completed in 0ms
301 timing reifyNode:node_modules/buffer-from Completed in 1291ms
302 timing reifyNode:node_modules/concat-stream Completed in 1291ms
303 timing reifyNode:node_modules/object-assign Completed in 1297ms
304 timing reifyNode:node_modules/process-nextick-args Completed in 1302ms
305 timing reifyNode:node_modules/ieee754 Completed in 1300ms
306 timing reifyNode:node_modules/util-deprecate Completed in 1309ms
307 timing reifyNode:node_modules/media-typer Completed in 1309ms
308 timing reifyNode:node_modules/type-is Completed in 1307ms
309 timing reifyNode:node_modules/inherits Completed in 1307ms
310 timing reifyNode:node_modules/core-util-is Completed in 1313ms
311 timing reifyNode:node_modules/base64-js Completed in 1311ms
312 timing reifyNode:node_modules/punycode Completed in 1319ms
313 timing reifyNode:node_modules/mkdirp Completed in 1317ms
314 timing reifyNode:node_modules/string_decoder Completed in 1319ms
315 timing reifyNode:node_modules/isarray Completed in 1330ms
316 timing reifyNode:node_modules/mime-types Completed in 1336ms
317 timing reifyNode:node_modules/safe-buffer Completed in 1336ms
318 timing reifyNode:node_modules/xtend Completed in 1334ms
319 timing reifyNode:node_modules/util Completed in 1361ms
320 timing reifyNode:node_modules/append-field Completed in 1362ms
321 timing reifyNode:node_modules/for-each Completed in 1367ms
322 timing reifyNode:node_modules/hasown Completed in 1372ms
323 timing reifyNode:node_modules/sax Completed in 1367ms
324 timing reifyNode:node_modules/call-bound Completed in 1369ms
325 timing reifyNode:node_modules/has-property-descriptors Completed in 1383ms
326 timing reifyNode:node_modules/typedarray Completed in 1382ms
327 timing reifyNode:node_modules/get-intrinsic Completed in 1385ms
328 timing reifyNode:node_modules/is-typed-array Completed in 1386ms
329 timing reifyNode:node_modules/possible-typed-array-names Completed in 1389ms
330 timing reifyNode:node_modules/multer Completed in 1382ms
331 timing reifyNode:node_modules/available-typed-arrays Completed in 1389ms
332 timing reifyNode:node_modules/streamsearch Completed in 1389ms
333 timing reifyNode:node_modules/jmespath Completed in 1391ms
334 timing reifyNode:node_modules/url Completed in 1391ms
335 timing reifyNode:node_modules/set-function-length Completed in 1396ms
336 timing reifyNode:node_modules/es-define-property Completed in 1396ms
337 timing reifyNode:node_modules/is-generator-function Completed in 1396ms
338 timing reifyNode:node_modules/es-object-atoms Completed in 1401ms
339 timing reifyNode:node_modules/call-bind Completed in 1401ms
340 timing reifyNode:node_modules/gopd Completed in 1405ms
341 timing reifyNode:node_modules/is-arguments Completed in 1402ms
342 timing reifyNode:node_modules/is-callable Completed in 1406ms
343 timing reifyNode:node_modules/dunder-proto Completed in 1403ms
344 timing reifyNode:node_modules/define-data-property Completed in 1408ms
345 timing reifyNode:node_modules/function-bind Completed in 1413ms
346 warn deprecated querystring@0.2.0: The querystring API is considered Legacy. new code should use the URLSearchParams API instead.
347 timing reifyNode:node_modules/querystring Completed in 1425ms
348 timing reifyNode:node_modules/which-typed-array Completed in 1430ms
349 timing reifyNode:node_modules/mime-db Completed in 1430ms
350 timing reifyNode:node_modules/has-tostringtag Completed in 1433ms
351 timing reifyNode:node_modules/has-symbols Completed in 1443ms
352 timing reifyNode:node_modules/call-bind-apply-helpers Completed in 1444ms
353 timing reifyNode:node_modules/es-errors Completed in 1445ms
354 timing reifyNode:node_modules/events Completed in 1446ms
355 timing reifyNode:node_modules/minimist Completed in 1457ms
356 timing reifyNode:node_modules/readable-stream Completed in 1462ms
357 timing reifyNode:node_modules/math-intrinsics Completed in 1471ms
358 timing reifyNode:node_modules/busboy Completed in 1466ms
359 timing reifyNode:node_modules/xmlbuilder Completed in 1490ms
360 timing reifyNode:node_modules/uuid Completed in 1489ms
361 timing reifyNode:node_modules/buffer Completed in 1500ms
362 timing reifyNode:node_modules/xml2js Completed in 1517ms
363 timing reifyNode:node_modules/aws-sdk Completed in 3265ms
364 timing reify:unpack Completed in 3277ms
365 timing reify:unretire Completed in 0ms
366 timing build:queue Completed in 11ms
367 timing build:link:node_modules/mkdirp Completed in 9ms
368 timing build:link:node_modules/uuid Completed in 6ms
369 timing build:link Completed in 9ms
370 info run aws-sdk@2.1692.0 postinstall node_modules/aws-sdk node scripts/warn-maintenance-mode.js
371 info run aws-sdk@2.1692.0 postinstall { code: 0, signal: null }
372 timing build:run:postinstall:node_modules/aws-sdk Completed in 231ms
373 timing build:run:postinstall Completed in 232ms
374 timing build:deps Completed in 252ms
375 timing build Completed in 252ms
376 timing reify:build Completed in 254ms
377 timing reify:trash Completed in 0ms
378 timing reify:save Completed in 29ms
379 timing reify Completed in 5314ms
380 silly ADD node_modules/xmlbuilder
381 silly ADD node_modules/has-property-descriptors
382 silly ADD node_modules/define-data-property
383 silly ADD node_modules/is-callable
384 silly ADD node_modules/set-function-length
385 silly ADD node_modules/possible-typed-array-names
386 silly ADD node_modules/for-each
387 silly ADD node_modules/call-bind
388 silly ADD node_modules/available-typed-arrays
389 silly ADD node_modules/math-intrinsics
390 silly ADD node_modules/hasown
391 silly ADD node_modules/has-symbols
392 silly ADD node_modules/gopd
393 silly ADD node_modules/es-object-atoms
394 silly ADD node_modules/es-define-property
395 silly ADD node_modules/dunder-proto
396 silly ADD node_modules/function-bind
397 silly ADD node_modules/es-errors
398 silly ADD node_modules/get-intrinsic
399 silly ADD node_modules/call-bind-apply-helpers
400 silly ADD node_modules/has-tostringtag
401 silly ADD node_modules/call-bound
402 silly ADD node_modules/which-typed-array
403 silly ADD node_modules/is-typed-array
404 silly ADD node_modules/is-generator-function
405 silly ADD node_modules/is-arguments
406 silly ADD node_modules/punycode
407 silly ADD node_modules/mime-db
408 silly ADD node_modules/mime-types
409 silly ADD node_modules/media-typer
410 silly ADD node_modules/util-deprecate
411 silly ADD node_modules/string_decoder
412 silly ADD node_modules/safe-buffer
413 silly ADD node_modules/process-nextick-args
414 silly ADD node_modules/core-util-is
415 silly ADD node_modules/minimist
416 silly ADD node_modules/typedarray
417 silly ADD node_modules/readable-stream
418 silly ADD node_modules/inherits
419 silly ADD node_modules/buffer-from
420 silly ADD node_modules/streamsearch
421 silly ADD node_modules/xtend
422 silly ADD node_modules/type-is
423 silly ADD node_modules/object-assign
424 silly ADD node_modules/mkdirp
425 silly ADD node_modules/concat-stream
426 silly ADD node_modules/busboy
427 silly ADD node_modules/append-field
428 silly ADD node_modules/isarray
429 silly ADD node_modules/base64-js
430 silly ADD node_modules/xml2js
431 silly ADD node_modules/uuid
432 silly ADD node_modules/util
433 silly ADD node_modules/url
434 silly ADD node_modules/sax
435 silly ADD node_modules/querystring
436 silly ADD node_modules/jmespath
437 silly ADD node_modules/ieee754
438 silly ADD node_modules/events
439 silly ADD node_modules/buffer
440 silly ADD node_modules/multer
441 silly ADD node_modules/aws-sdk
442 timing command:install Completed in 5332ms
443 verbose exit 0
444 timing npm Completed in 5415ms
445 info ok
