0 verbose cli /usr/bin/node /usr/bin/npm
1 info using npm@9.2.0
2 info using node@v18.19.1
3 timing npm:load:whichnode Completed in 0ms
4 timing config:load:defaults Completed in 2ms
5 timing config:load:file:/usr/share/nodejs/npm/npmrc Completed in 7ms
6 timing config:load:builtin Completed in 7ms
7 timing config:load:cli Completed in 4ms
8 timing config:load:env Completed in 0ms
9 timing config:load:file:/home/ubuntu/streaming-service/.npmrc Completed in 0ms
10 timing config:load:project Completed in 5ms
11 timing config:load:file:/home/ubuntu/.npmrc Completed in 0ms
12 timing config:load:user Completed in 0ms
13 timing config:load:file:/etc/npmrc Completed in 1ms
14 timing config:load:global Completed in 1ms
15 timing config:load:setEnvs Completed in 1ms
16 timing config:load Completed in 21ms
17 timing npm:load:configload Completed in 21ms
18 timing npm:load:mkdirpcache Completed in 0ms
19 timing npm:load:mkdirplogs Completed in 3ms
20 verbose title npm install cors
21 verbose argv "install" "cors"
22 timing npm:load:setTitle Completed in 2ms
23 timing config:load:flatten Completed in 9ms
24 timing npm:load:display Completed in 11ms
25 verbose logfile logs-max:10 dir:/home/ubuntu/.npm/_logs/2025-01-01T12_01_11_195Z-
26 verbose logfile /home/ubuntu/.npm/_logs/2025-01-01T12_01_11_195Z-debug-0.log
27 timing npm:load:logFile Completed in 11ms
28 timing npm:load:timers Completed in 0ms
29 timing npm:load:configScope Completed in 0ms
30 timing npm:load Completed in 49ms
31 silly logfile done cleaning log files
32 timing config:load:flatten Completed in 1ms
33 timing arborist:ctor Completed in 1ms
34 timing idealTree:init Completed in 171ms
35 timing idealTree:userRequests Completed in 2ms
36 silly idealTree buildDeps
37 silly fetch manifest cors@^2.8.5
38 timing arborist:ctor Completed in 0ms
39 http fetch GET 200 https://registry.npmjs.org/cors 242ms (cache updated)
40 silly placeDep ROOT cors@2.8.5 REPLACE for: streaming-service@1.0.0 want: ^2.8.5
41 timing idealTree:#root Completed in 259ms
42 timing idealTree:node_modules/cors Completed in 0ms
43 timing idealTree:buildDeps Completed in 261ms
44 timing idealTree:fixDepFlags Completed in 2ms
45 timing idealTree Completed in 440ms
46 timing reify:loadTrees Completed in 441ms
47 timing reify:diffTrees Completed in 11ms
48 silly reify moves {}
49 timing reify:retireShallow Completed in 1ms
50 timing reify:createSparse Completed in 0ms
51 timing reify:loadBundles Completed in 0ms
52 silly audit bulk request {
52 silly audit   '@mongodb-js/saslprep': [ '1.1.9' ],
52 silly audit   '@types/webidl-conversions': [ '7.0.3' ],
52 silly audit   '@types/whatwg-url': [ '11.0.5' ],
52 silly audit   accepts: [ '1.3.8' ],
52 silly audit   'append-field': [ '1.0.0' ],
52 silly audit   'array-flatten': [ '1.1.1' ],
52 silly audit   bcryptjs: [ '2.4.3' ],
52 silly audit   'body-parser': [ '1.20.3' ],
52 silly audit   bson: [ '6.10.1' ],
52 silly audit   'buffer-equal-constant-time': [ '1.0.1' ],
52 silly audit   'buffer-from': [ '1.1.2' ],
52 silly audit   busboy: [ '1.6.0' ],
52 silly audit   bytes: [ '3.1.2' ],
52 silly audit   'call-bind-apply-helpers': [ '1.0.1' ],
52 silly audit   'call-bound': [ '1.0.3' ],
52 silly audit   'concat-stream': [ '1.6.2' ],
52 silly audit   'content-disposition': [ '0.5.4' ],
52 silly audit   'content-type': [ '1.0.5' ],
52 silly audit   cookie: [ '0.7.1' ],
52 silly audit   'cookie-signature': [ '1.0.6' ],
52 silly audit   'core-util-is': [ '1.0.3' ],
52 silly audit   debug: [ '2.6.9', '4.4.0' ],
52 silly audit   depd: [ '2.0.0' ],
52 silly audit   destroy: [ '1.2.0' ],
52 silly audit   dotenv: [ '16.4.7' ],
52 silly audit   'dunder-proto': [ '1.0.1' ],
52 silly audit   'ecdsa-sig-formatter': [ '1.0.11' ],
52 silly audit   'ee-first': [ '1.1.1' ],
52 silly audit   encodeurl: [ '2.0.0', '1.0.2' ],
52 silly audit   'es-define-property': [ '1.0.1' ],
52 silly audit   'es-errors': [ '1.3.0' ],
52 silly audit   'es-object-atoms': [ '1.0.0' ],
52 silly audit   'escape-html': [ '1.0.3' ],
52 silly audit   etag: [ '1.8.1' ],
52 silly audit   express: [ '4.21.2' ],
52 silly audit   finalhandler: [ '1.3.1' ],
52 silly audit   forwarded: [ '0.2.0' ],
52 silly audit   fresh: [ '0.5.2' ],
52 silly audit   'function-bind': [ '1.1.2' ],
52 silly audit   'get-intrinsic': [ '1.2.6' ],
52 silly audit   gopd: [ '1.2.0' ],
52 silly audit   'has-symbols': [ '1.1.0' ],
52 silly audit   hasown: [ '2.0.2' ],
52 silly audit   'http-errors': [ '2.0.0' ],
52 silly audit   'iconv-lite': [ '0.4.24' ],
52 silly audit   inherits: [ '2.0.4' ],
52 silly audit   'ipaddr.js': [ '1.9.1' ],
52 silly audit   isarray: [ '1.0.0' ],
52 silly audit   jsonwebtoken: [ '9.0.2' ],
52 silly audit   ms: [ '2.1.3', '2.0.0' ],
52 silly audit   jwa: [ '1.4.1' ],
52 silly audit   jws: [ '3.2.2' ],
52 silly audit   kareem: [ '2.6.3' ],
52 silly audit   'lodash.includes': [ '4.3.0' ],
52 silly audit   'lodash.isboolean': [ '3.0.3' ],
52 silly audit   'lodash.isinteger': [ '4.0.4' ],
52 silly audit   'lodash.isnumber': [ '3.0.3' ],
52 silly audit   'lodash.isplainobject': [ '4.0.6' ],
52 silly audit   'lodash.isstring': [ '4.0.1' ],
52 silly audit   'lodash.once': [ '4.1.1' ],
52 silly audit   'math-intrinsics': [ '1.1.0' ],
52 silly audit   'media-typer': [ '0.3.0' ],
52 silly audit   'memory-pager': [ '1.5.0' ],
52 silly audit   'merge-descriptors': [ '1.0.3' ],
52 silly audit   methods: [ '1.1.2' ],
52 silly audit   mime: [ '1.6.0' ],
52 silly audit   'mime-db': [ '1.52.0' ],
52 silly audit   'mime-types': [ '2.1.35' ],
52 silly audit   minimist: [ '1.2.8' ],
52 silly audit   mkdirp: [ '0.5.6' ],
52 silly audit   mongodb: [ '6.12.0' ],
52 silly audit   'mongodb-connection-string-url': [ '3.0.1' ],
52 silly audit   mongoose: [ '8.9.3' ],
52 silly audit   mpath: [ '0.9.0' ],
52 silly audit   mquery: [ '5.0.0' ],
52 silly audit   multer: [ '1.4.5-lts.1' ],
52 silly audit   negotiator: [ '0.6.3' ],
52 silly audit   'object-assign': [ '4.1.1' ],
52 silly audit   'object-inspect': [ '1.13.3' ],
52 silly audit   'on-finished': [ '2.4.1' ],
52 silly audit   parseurl: [ '1.3.3' ],
52 silly audit   'path-to-regexp': [ '0.1.12' ],
52 silly audit   'process-nextick-args': [ '2.0.1' ],
52 silly audit   'proxy-addr': [ '2.0.7' ],
52 silly audit   punycode: [ '2.3.1' ],
52 silly audit   qs: [ '6.13.0' ],
52 silly audit   'range-parser': [ '1.2.1' ],
52 silly audit   'raw-body': [ '2.5.2' ],
52 silly audit   'readable-stream': [ '2.3.8' ],
52 silly audit   'safe-buffer': [ '5.1.2', '5.2.1' ],
52 silly audit   'safer-buffer': [ '2.1.2' ],
52 silly audit   semver: [ '7.6.3' ],
52 silly audit   send: [ '0.19.0' ],
52 silly audit   'serve-static': [ '1.16.2' ],
52 silly audit   setprototypeof: [ '1.2.0' ],
52 silly audit   'side-channel': [ '1.1.0' ],
52 silly audit   'side-channel-list': [ '1.0.0' ],
52 silly audit   'side-channel-map': [ '1.0.1' ],
52 silly audit   'side-channel-weakmap': [ '1.0.2' ],
52 silly audit   sift: [ '17.1.3' ],
52 silly audit   'sparse-bitfield': [ '3.0.3' ],
52 silly audit   statuses: [ '2.0.1' ],
52 silly audit   streamsearch: [ '1.1.0' ],
52 silly audit   string_decoder: [ '1.1.1' ],
52 silly audit   toidentifier: [ '1.0.1' ],
52 silly audit   tr46: [ '4.1.1' ],
52 silly audit   'type-is': [ '1.6.18' ],
52 silly audit   typedarray: [ '0.0.6' ],
52 silly audit   unpipe: [ '1.0.0' ],
52 silly audit   'util-deprecate': [ '1.0.2' ],
52 silly audit   'utils-merge': [ '1.0.1' ],
52 silly audit   vary: [ '1.1.2' ],
52 silly audit   'webidl-conversions': [ '7.0.0' ],
52 silly audit   'whatwg-url': [ '13.0.0' ],
52 silly audit   xtend: [ '4.0.2' ],
52 silly audit   cors: [ '2.8.5' ]
52 silly audit }
53 timing reify:unpack Completed in 0ms
54 timing reify:unretire Completed in 0ms
55 timing build:queue Completed in 0ms
56 timing build:deps Completed in 1ms
57 timing build Completed in 1ms
58 timing reify:build Completed in 1ms
59 timing reify:trash Completed in 0ms
60 timing reify:save Completed in 51ms
61 http fetch POST 200 https://registry.npmjs.org/-/npm/v1/security/advisories/bulk 159ms
62 timing auditReport:getReport Completed in 164ms
63 silly audit report {}
64 timing auditReport:init Completed in 0ms
65 timing reify:audit Completed in 164ms
66 timing reify Completed in 624ms
67 timing command:install Completed in 639ms
68 verbose exit 0
69 timing npm Completed in 732ms
70 info ok
